-- [CONFIG ENGINE] Error: skipping file 'C:\dev\repos\eze-cli\.ezerc.toml' as toml is corrupted, message: 'What? python already exists?{'PRINT_TIMING_INFO': False, 'EXCLUDE': ['tests', 'tests-integration', 'examples'], 'python': {'REPORT_FILE': 'reports/semgrep-python-report.json', 'CONFIGS': ['p/ci', 'p/python']}, 'python_slow': {'REPORT_FILE': 'reports/semgrep-python-full-report.json', 'CONFIGS': ['p/ci', 'p/python']}}' (line 52)
-- [CONFIG ENGINE] Error: skipping file 'C:\dev\repos\eze-cli\.ezerc.toml' as toml is corrupted, message: 'What? python already exists?{'PRINT_TIMING_INFO': False, 'EXCLUDE': ['tests', 'tests-integration', 'examples'], 'python': {'REPORT_FILE': 'reports/semgrep-python-report.json', 'CONFIGS': ['p/ci', 'p/python']}, 'python_slow': {'REPORT_FILE': 'reports/semgrep-python-full-report.json', 'CONFIGS': ['p/ci', 'p/python']}}' (line 52)
scan run