Available Languages are:
=======================
| Name            | Version                            | Source | Description                    |
| --------------- | ---------------------------------- | ------ | ------------------------------ |
| testee-language | inbuilt (python: X.X.X, pip:X.X.X) | PYTHON | Python (.py, requirements.txt) |
