short_description:
======================
default scan profile

install_help:
======================


more_info:
======================
-
