
[docker]
# Eze Dockerfile codebase
#
# To enable SCA and SBOM, the docker image must be built first
# uncomment DOCKER_TAG and populate image tag
tools = ['semgrep', 'trufflehog']

# DOCKER_TAG: <docker-image-tag>
# tools = ['semgrep', 'trufflehog', 'anchore-grype', 'anchore-syft']
#    [docker.anchore-grype]
#    REPORT_FILE = "reports/grype-docker-report.json"
#    [docker.anchore-syft]
#    REPORT_FILE = "reports/syft-docker-report.json"
    [docker.semgrep]
    REPORT_FILE = "reports/semgrep-docker-report.json"
    CONFIGS = [
        "p/dockerfile"
    ]
    [docker.trufflehog]
    REPORT_FILE = "reports/truffleHog-docker-report.json"
    SOURCE = ["."]
    NO_ENTROPY = false
    INCLUDE_FULL_REASON = true
    IGNORED_FILES = [
        ".gradle",
        ".aws",
        ".idea"
    ]
    EXCLUDE = [
        ".*(node_modules|target|build|dist)$",
        ".*\\.(jpe?g|png|svg|eot|ttf|exe|map|lock|woff|pytest_cache)$",
        ".*//trufflehog-report.json$",
        ".*\\.DS_Store"
    ]



========

To enable SCA and SBOM against Dockerfile, the docker image must be built first

uncomment DOCKER_TAG and populate image tag
DOCKER_TAG: <docker-image-tag>
then uncomment out the Syft (SBOM) and Grype (SCA) Tools
