Python Runner
=================================
Scan npm packages for old and vulnerable packages
and running secret and semgrep sast on raw python files
lastly generate SBOM using cyclonedx

Tips and Tricks
=================================
node will require "npm install" ran before running security tools