Python Runner
=================================
Scan pip packages for old and vulnerable packages
and running secret and semgrep sast on raw python files
lastly generate SBOM using cyclonedx

Tips and Tricks
=================================
Safety and Piprot work best when running against pip frozen requirements