Available Tools are:
=======================
| Type | Name         | License   | Description               |
| ---- | ------------ | --------- | ------------------------- |
| MISC | success-tool | LICENSE X | Example short description |
| MISC | failure-tool | LICENSE X | Example short description |
