
=================================
Tool 'success-tool' Help
Example short description
=================================
License: LICENSE X
Version: X.X.X Installed

Tool Configuration Instructions:
---------------------------------
[dummy-success]

# Common Tool Config

# ADDITIONAL_ARGUMENTS str [OPTIONAL]
# common field that can be used to postfix arbitrary arguments onto any plugin cli tooling
# 
ADDITIONAL_ARGUMENTS = "..."


# IGNORE_BELOW_SEVERITY str [OPTIONAL]
# vulnerabilities severities to ignore, by CVE severity level
# aka if set to medium, would ignore medium/low/none/na
# available levels: critical, high, medium, low, none, na
# 
IGNORE_BELOW_SEVERITY = "..."


# IGNORED_VULNERABILITIES list [OPTIONAL]
# vulnerabilities to ignore, by CVE code or by name
# feature only for use when vulnerability mitigated or on track to be fixed
# 
IGNORED_VULNERABILITIES = ["..."]


# IGNORED_FILES list [OPTIONAL]
# vulnerabilities in files or prefix folders to ignore
# feature only for use when vulnerability mitigated or on track to be fixed
# 
IGNORED_FILES = ["..."]


# DEFAULT_SEVERITY str [OPTIONAL]
# Severity to set vulnerabilities, when tool doesn't provide a severity, defaults to na
# available levels: critical, high, medium, low, none, na
# 
DEFAULT_SEVERITY = "..."



Tool More Info:
---------------------------------
Example Config help string
