-- [CONFIG ENGINE] Error: skipping file 'C:\dev\repos\eze-cli\.ezerc.toml' as toml is corrupted, message: 'What? python already exists?{'PRINT_TIMING_INFO': False, 'EXCLUDE': ['tests', 'tests-integration', 'examples'], 'python': {'REPORT_FILE': 'reports/semgrep-python-report.json', 'CONFIGS': ['p/ci', 'p/python']}, 'python_slow': {'REPORT_FILE': 'reports/semgrep-python-full-report.json', 'CONFIGS': ['p/ci', 'p/python']}}' (line 52)
DummyReporter received 1 scans
[success-tool (scan duration: 0.0 seconds)]

    total: 3 (high:1, medium:1, na:1, warnings:true)
    ignored: 1 (medium:1, warnings:true)

Report 'testee-reporter' took xxx seconds
