{
  "fatal_errors": [],
  "run_details": {
    "date": [
      "NOT UNDER TEST (TIME IS DYNAMIC)"
    ],
    "duration_sec": [
      "NOT UNDER TEST (TIME IS DYNAMIC)"
    ],
    "git_branch": "feature/helloworld",
    "git_repo": "https://some-repo.some-domain.com",
    "run_type": null,
    "scan_type": null,
    "tool_name": "success-tool",
    "tool_type": "MISC",
    "tool_url": ""
  },
  "sboms": null,
  "summary": {
    "ignored": {
      "critical": 0,
      "high": 0,
      "low": 0,
      "medium": 1,
      "na": 0,
      "none": 0,
      "total": 1
    },
    "totals": {
      "critical": 0,
      "high": 1,
      "low": 0,
      "medium": 1,
      "na": 1,
      "none": 0,
      "total": 3
    }
  },
  "tool": "Safety",
  "vulnerabilities": [
    "NOT UNDER TEST (FROM FIXTURE)"
  ],
  "warnings": [
    "Warning: unpinned requirement 'blackduck' found in C:/dev/repos/sacbdnotify/requirements.txt, unable to check.\nWarning: unpinned requirement 'click' found in tests-integration/__fixture__/python/requirements.txt, unable to check.\n"
  ]
}