=================================
Reporter 'testee-reporter' Help
Example short description
=================================
Version: version string Installed

Reporter Configuration Instructions:
---------------------------------
[dummy]

Reporter More Info:
---------------------------------
Example Config help string
