Available Reporters are:
=======================
 | Name            | Version        | License   | Description               | 
*|*****************|****************|***********|***************************|*
 | testee-reporter | version string | LICENSE X | Example short description | 
