{
  "bom": null,
  "fatal_errors": [],
  "run_details": {},
  "summary": {},
  "tool": "anchore-grype",
  "vulnerabilities": [
    {
      "confidence": "",
      "file_location": null,
      "identifiers": {
        "cve": "CVE-2005-2541-DUPLICATE-CHECK"
      },
      "is_excluded": false,
      "is_ignored": false,
      "language": "container",
      "metadata": null,
      "name": "tar",
      "overview": "",
      "recommendation": "",
      "references": [
        "https://security-tracker.debian.org/tracker/CVE-2005-2541"
      ],
      "severity": "na",
      "version": "1.30+dfsg-6",
      "vulnerability_type": "dependency"
    },
    {
      "confidence": "",
      "file_location": null,
      "identifiers": {
        "cve": "CVE-2007-5686"
      },
      "is_excluded": false,
      "is_ignored": false,
      "language": "container",
      "metadata": null,
      "name": "passwd",
      "overview": "",
      "recommendation": "",
      "references": [
        "https://security-tracker.debian.org/tracker/CVE-2007-5686"
      ],
      "severity": "na",
      "version": "1:4.5-1.1",
      "vulnerability_type": "dependency"
    },
    {
      "confidence": "",
      "file_location": null,
      "identifiers": {
        "cve": "CVE-2007-6755"
      },
      "is_excluded": false,
      "is_ignored": false,
      "language": "container",
      "metadata": null,
      "name": "openssl",
      "overview": "The NIST SP 800-90A default statement of the Dual Elliptic Curve Deterministic Random Bit Generation (Dual_EC_DRBG) algorithm contains point Q constants with a possible relationship to certain \"skeleton key\" values, which might allow context-dependent attackers to defeat cryptographic protection mechanisms by leveraging knowledge of those values.  NOTE: this is a preliminary CVE for Dual_EC_DRBG; future research may provide additional details about point Q and associated attacks, and could potentially lead to a RECAST or REJECT of this CVE.",
      "recommendation": "",
      "references": [
        "https://security-tracker.debian.org/tracker/CVE-2007-6755"
      ],
      "severity": "na",
      "version": "1.1.1d-0+deb10u6",
      "vulnerability_type": "dependency"
    },
    {
      "confidence": "",
      "file_location": null,
      "identifiers": {
        "cve": "CVE-2010-0928"
      },
      "is_excluded": false,
      "is_ignored": false,
      "language": "container",
      "metadata": null,
      "name": "libssl1.1",
      "overview": "OpenSSL 0.9.8i on the Gaisler Research LEON3 SoC on the Xilinx Virtex-II Pro FPGA uses a Fixed Width Exponentiation (FWE) algorithm for certain signature calculations, and does not verify the signature before providing it to a caller, which makes it easier for physically proximate attackers to determine the private key via a modified supply voltage for the microprocessor, related to a \"fault-based attack.\"",
      "recommendation": "",
      "references": [
        "https://security-tracker.debian.org/tracker/CVE-2010-0928"
      ],
      "severity": "na",
      "version": "1.1.1d-0+deb10u6",
      "vulnerability_type": "dependency"
    },
    {
      "confidence": "",
      "file_location": null,
      "identifiers": {
        "cve": "CVE-2010-4051"
      },
      "is_excluded": false,
      "is_ignored": false,
      "language": "container",
      "metadata": null,
      "name": "libc-bin",
      "overview": "The regcomp implementation in the GNU C Library (aka glibc or libc6) through 2.11.3, and 2.12.x through 2.12.2, allows context-dependent attackers to cause a denial of service (application crash) via a regular expression containing adjacent bounded repetitions that bypass the intended RE_DUP_MAX limitation, as demonstrated by a {10,}{10,}{10,}{10,}{10,} sequence in the proftpd.gnu.c exploit for ProFTPD, related to a \"RE_DUP_MAX overflow.\"",
      "recommendation": "",
      "references": [
        "https://security-tracker.debian.org/tracker/CVE-2010-4051"
      ],
      "severity": "na",
      "version": "2.28-10",
      "vulnerability_type": "dependency"
    },
    {
      "confidence": "",
      "file_location": null,
      "identifiers": {
        "cve": "CVE-2010-4051"
      },
      "is_excluded": false,
      "is_ignored": false,
      "language": "container",
      "metadata": null,
      "name": "libc6",
      "overview": "The regcomp implementation in the GNU C Library (aka glibc or libc6) through 2.11.3, and 2.12.x through 2.12.2, allows context-dependent attackers to cause a denial of service (application crash) via a regular expression containing adjacent bounded repetitions that bypass the intended RE_DUP_MAX limitation, as demonstrated by a {10,}{10,}{10,}{10,}{10,} sequence in the proftpd.gnu.c exploit for ProFTPD, related to a \"RE_DUP_MAX overflow.\"",
      "recommendation": "",
      "references": [
        "https://security-tracker.debian.org/tracker/CVE-2010-4051"
      ],
      "severity": "na",
      "version": "2.28-10",
      "vulnerability_type": "dependency"
    },
    {
      "confidence": "",
      "file_location": null,
      "identifiers": {
        "cve": "CVE-2011-3374"
      },
      "is_excluded": false,
      "is_ignored": false,
      "language": "container",
      "metadata": null,
      "name": "apt",
      "overview": "It was found that apt-key in apt, all versions, do not correctly validate gpg keys with the master keyring, leading to a potential man-in-the-middle attack.",
      "recommendation": "",
      "references": [
        "https://security-tracker.debian.org/tracker/CVE-2011-3374"
      ],
      "severity": "na",
      "version": "1.8.2.3",
      "vulnerability_type": "dependency"
    },
    {
      "confidence": "",
      "file_location": null,
      "identifiers": {
        "cve": "CVE-2011-3374"
      },
      "is_excluded": false,
      "is_ignored": false,
      "language": "container",
      "metadata": null,
      "name": "libapt-pkg5.0",
      "overview": "It was found that apt-key in apt, all versions, do not correctly validate gpg keys with the master keyring, leading to a potential man-in-the-middle attack.",
      "recommendation": "",
      "references": [
        "https://security-tracker.debian.org/tracker/CVE-2011-3374"
      ],
      "severity": "na",
      "version": "1.8.2.3",
      "vulnerability_type": "dependency"
    },
    {
      "confidence": "",
      "file_location": null,
      "identifiers": {
        "cve": "CVE-2011-3389"
      },
      "is_excluded": false,
      "is_ignored": false,
      "language": "container",
      "metadata": null,
      "name": "libgnutls30",
      "overview": "The SSL protocol, as used in certain configurations in Microsoft Windows and Microsoft Internet Explorer, Mozilla Firefox, Google Chrome, Opera, and other products, encrypts data by using CBC mode with chained initialization vectors, which allows man-in-the-middle attackers to obtain plaintext HTTP headers via a blockwise chosen-boundary attack (BCBA) on an HTTPS session, in conjunction with JavaScript code that uses (1) the HTML5 WebSocket API, (2) the Java URLConnection API, or (3) the Silverlight WebClient API, aka a \"BEAST\" attack.",
      "recommendation": "",
      "references": [
        "https://security-tracker.debian.org/tracker/CVE-2011-3389"
      ],
      "severity": "medium",
      "version": "3.6.7-4+deb10u6",
      "vulnerability_type": "dependency"
    },
    {
      "confidence": "",
      "file_location": null,
      "identifiers": {
        "cve": "CVE-2011-4116"
      },
      "is_excluded": false,
      "is_ignored": false,
      "language": "container",
      "metadata": null,
      "name": "perl-base",
      "overview": "_is_safe in the File::Temp module for Perl does not properly handle symlinks.",
      "recommendation": "",
      "references": [
        "https://security-tracker.debian.org/tracker/CVE-2011-4116"
      ],
      "severity": "na",
      "version": "5.28.1-6+deb10u1",
      "vulnerability_type": "dependency"
    },
    {
      "confidence": "",
      "file_location": null,
      "identifiers": {
        "cve": "CVE-2013-0340"
      },
      "is_excluded": false,
      "is_ignored": false,
      "language": "container",
      "metadata": null,
      "name": "libexpat1",
      "overview": "expat 2.1.0 and earlier does not properly handle entities expansion unless an application developer uses the XML_SetEntityDeclHandler function, which allows remote attackers to cause a denial of service (resource consumption), send HTTP requests to intranet servers, or read arbitrary files via a crafted XML document, aka an XML External Entity (XXE) issue.  NOTE: it could be argued that because expat already provides the ability to disable external entity expansion, the responsibility for resolving this issue lies with application developers; according to this argument, this entry should be REJECTed, and each affected application would need its own CVE.",
      "recommendation": "",
      "references": [
        "https://security-tracker.debian.org/tracker/CVE-2013-0340"
      ],
      "severity": "na",
      "version": "2.2.6-2+deb10u1",
      "vulnerability_type": "dependency"
    },
    {
      "confidence": "",
      "file_location": null,
      "identifiers": {
        "cve": "CVE-2013-4235"
      },
      "is_excluded": false,
      "is_ignored": false,
      "language": "container",
      "metadata": null,
      "name": "login",
      "overview": "shadow: TOCTOU (time-of-check time-of-use) race condition when copying and removing directory trees",
      "recommendation": "",
      "references": [
        "https://security-tracker.debian.org/tracker/CVE-2013-4235"
      ],
      "severity": "na",
      "version": "1:4.5-1.1",
      "vulnerability_type": "dependency"
    },
    {
      "confidence": "",
      "file_location": null,
      "identifiers": {
        "cve": "CVE-2013-4392"
      },
      "is_excluded": false,
      "is_ignored": false,
      "language": "container",
      "metadata": null,
      "name": "libsystemd0",
      "overview": "systemd, when updating file permissions, allows local users to change the permissions and SELinux security contexts for arbitrary files via a symlink attack on unspecified files.",
      "recommendation": "",
      "references": [
        "https://security-tracker.debian.org/tracker/CVE-2013-4392"
      ],
      "severity": "na",
      "version": "241-7~deb10u7",
      "vulnerability_type": "dependency"
    },
    {
      "confidence": "",
      "file_location": null,
      "identifiers": {
        "cve": "CVE-2013-4392"
      },
      "is_excluded": false,
      "is_ignored": false,
      "language": "container",
      "metadata": null,
      "name": "libudev1",
      "overview": "systemd, when updating file permissions, allows local users to change the permissions and SELinux security contexts for arbitrary files via a symlink attack on unspecified files.",
      "recommendation": "",
      "references": [
        "https://security-tracker.debian.org/tracker/CVE-2013-4392"
      ],
      "severity": "na",
      "version": "241-7~deb10u7",
      "vulnerability_type": "dependency"
    },
    {
      "confidence": "",
      "file_location": null,
      "identifiers": {
        "cve": "CVE-2016-10228"
      },
      "is_excluded": false,
      "is_ignored": false,
      "language": "container",
      "metadata": null,
      "name": "libc-bin",
      "overview": "The iconv program in the GNU C Library (aka glibc or libc6) 2.31 and earlier, when invoked with multiple suffixes in the destination encoding (TRANSLATE or IGNORE) along with the -c option, enters an infinite loop when processing invalid multi-byte input sequences, leading to a denial of service.",
      "recommendation": "",
      "references": [
        "https://security-tracker.debian.org/tracker/CVE-2016-10228"
      ],
      "severity": "low",
      "version": "2.28-10",
      "vulnerability_type": "dependency"
    }
  ],
  "warnings": []
}