short_description:
======================
opensource container scanner

config_help:
======================
[container-trivy]
# IMAGE_NAME str [OPTIONAL]
# docker image name and tag(optional) to scan
# 
IMAGE_NAME = "aquasec/trivy"

# IMAGE_FILE str [OPTIONAL]
# tar file to scan, generated by docker save
# 
IMAGE_FILE = "docker-image.tar"

# TRIVY_VULN_TYPE list [OPTIONAL]
# By default standard trivy image of "os,library", maps to trivy argument
#   --vuln-type value  comma-separated list of vulnerability types (os,library) (default: "os,library")
# default value: 
#   TRIVY_VULN_TYPE = ["os", "library"]
# 
TRIVY_VULN_TYPE = ["..."]


# TRIVY_IGNORE_UNFIXED str [OPTIONAL]
# By default false, maps to trivy argument
#   --ignore-unfixed  display only fixed vulnerabilities (default: false) [$TRIVY_IGNORE_UNFIXED]
# default value: 
#   TRIVY_IGNORE_UNFIXED = "false"
# 
TRIVY_IGNORE_UNFIXED = "..."


# REPORT_FILE str [OPTIONAL]
# output report location (will default to tmp file otherwise)
# default value: 
#   REPORT_FILE = "<tempdir>/.eze-temp/tmp-trivy-report.json"
# 
REPORT_FILE = "..."



# Common Tool Config

# ADDITIONAL_ARGUMENTS str [OPTIONAL]
# common field that can be used to postfix arbitrary arguments onto any plugin cli tooling
# 
ADDITIONAL_ARGUMENTS = "..."


# IGNORE_BELOW_SEVERITY str [OPTIONAL]
# vulnerabilities severities to ignore, by CVE severity level
# aka if set to medium, would ignore medium/low/none/na
# available levels: critical, high, medium, low, none, na
# 
IGNORE_BELOW_SEVERITY = "..."


# IGNORED_VULNERABILITIES list [OPTIONAL]
# vulnerabilities to ignore, by CVE code or by name
# feature only for use when vulnerability mitigated or on track to be fixed
# 
IGNORED_VULNERABILITIES = ["..."]


# IGNORED_FILES list [OPTIONAL]
# vulnerabilities in files or prefix folders to ignore
# feature only for use when vulnerability mitigated or on track to be fixed
# 
IGNORED_FILES = ["..."]


# DEFAULT_SEVERITY str [OPTIONAL]
# Severity to set vulnerabilities, when tool doesn't provide a severity, defaults to na
# available levels: critical, high, medium, low, none, na
# 
DEFAULT_SEVERITY = "..."


# EXCLUDE list [OPTIONAL]
# files or prefix folders to exclude in the scanning process
# 
EXCLUDE = ["..."]




install_help:
======================
In most cases all that is required to install trivy via apt-get or docker
As of writing, no native windows 10 trivy exists, can be run via wsl2
https://aquasecurity.github.io/trivy/latest/installation/


more_info:
======================
https://aquasecurity.github.io/trivy/latest/

Tips
===========================
- use slim versions of base images
- always create a application user for running entry_point and cmd commands
- read https://owasp.org/www-project-docker-top-10/

Common Gotchas
===========================
Worth mentioning vulnerability counts are quite high for official out the box docker images

trivy image node:slim
Total: 101 (UNKNOWN: 2, LOW: 67, MEDIUM: 8, HIGH: 20, CRITICAL: 4)

trivy image python:3.8-slim
Total: 112 (UNKNOWN: 2, LOW: 74, MEDIUM: 11, HIGH: 21, CRITICAL: 4)
