{
  "bom": null,
  "fatal_errors": [],
  "run_details": {},
  "sboms": null,
  "summary": {},
  "tool": "gitleaks",
  "vulnerabilities": [],
  "warnings": []
}