short_description:
======================
opensource java SCA tool class

config_help:
======================
[java-dependencycheck]
# REPORT_FILE str [OPTIONAL]
# output report location (will default to tmp file otherwise)
# default value: 
#   REPORT_FILE = "<tempdir>/.eze-temp/tmp-java-dependencycheck.json"
# 
REPORT_FILE = "..."


# MVN_REPORT_FILE str [OPTIONAL]
# maven output dependency-check-report.json location, will be loaded, parsed and copied to <REPORT_FILE>
# default value: 
#   MVN_REPORT_FILE = "target/dependency-check-report.json"
# 
MVN_REPORT_FILE = "..."



# Common Tool Config

# ADDITIONAL_ARGUMENTS str [OPTIONAL]
# common field that can be used to postfix arbitrary arguments onto any plugin cli tooling
# 
ADDITIONAL_ARGUMENTS = "..."


# IGNORE_BELOW_SEVERITY str [OPTIONAL]
# vulnerabilities severities to ignore, by CVE severity level
# aka if set to medium, would ignore medium/low/none/na
# available levels: critical, high, medium, low, none, na
# 
IGNORE_BELOW_SEVERITY = "..."


# IGNORED_VUNERABLITIES list [OPTIONAL]
# vulnerabilities to ignore, by CVE code or by name
# feature only for use when vunerablity mitigated or on track to be fixed
# 
IGNORED_VUNERABLITIES = ["..."]


# IGNORED_FILES list [OPTIONAL]
# vulnerabilities in files or prefix folders to ignore
# feature only for use when vunerablity mitigated or on track to be fixed
# 
IGNORED_FILES = ["..."]


# DEFAULT_SEVERITY str [OPTIONAL]
# Severity to set vulnerabilities, when tool doesn't provide a severity, defaults to na
# available levels: critical, high, medium, low, none, na
# 
DEFAULT_SEVERITY = "..."




install_help:
======================
In most cases all that is required is java and mvn installed

https://maven.apache.org/download.cgi

test if installed with

mvn --version


more_info:
======================

https://jeremylong.github.io/DependencyCheck/
https://owasp.org/www-project-dependency-check/
https://jeremylong.github.io/DependencyCheck/dependency-check-maven/configuration.html

Tips and Tricks
===========================
You can add suppression file to customise your output
https://jeremylong.github.io/DependencyCheck/general/suppression.html

