{
  "bom": null,
  "fatal_errors": [],
  "run_details": {},
  "summary": {},
  "tool": "node-npmaudit",
  "vulnerabilities": [
    {
      "confidence": "",
      "file_location": null,
      "identifiers": {},
      "is_excluded": false,
      "is_ignored": false,
      "language": "node",
      "metadata": null,
      "name": "helmet>connect(2.11.1 - 3.6.4): has insecure dependency finalhandler>debug",
      "overview": "",
      "recommendation": "fix available via `npm audit fix --force`",
      "references": [],
      "severity": "low",
      "version": "",
      "vulnerability_type": "dependency"
    },
    {
      "confidence": "",
      "file_location": null,
      "identifiers": {
        "npm": 534
      },
      "is_excluded": false,
      "is_ignored": false,
      "language": "node",
      "metadata": null,
      "name": "connect>finalhandler>mocha>debug(<= 2.6.8 || >= 3.0.0 <= 3.0.1): Regular Expression Denial of Service",
      "overview": "",
      "recommendation": "fix available via `npm audit fix --force`\nWill install mocha@8.4.0, which is a breaking change",
      "references": [
        "https://npmjs.com/advisories/534"
      ],
      "severity": "low",
      "version": "",
      "vulnerability_type": "dependency"
    },
    {
      "confidence": "",
      "file_location": null,
      "identifiers": {
        "npm": 1631
      },
      "is_excluded": false,
      "is_ignored": false,
      "language": "node",
      "metadata": null,
      "name": "mocha>diff(<3.5.0): Regular Expression Denial of Service",
      "overview": "",
      "recommendation": "fix available via `npm audit fix --force`\nWill install mocha@8.4.0, which is a breaking change",
      "references": [
        "https://npmjs.com/advisories/1631"
      ],
      "severity": "high",
      "version": "",
      "vulnerability_type": "dependency"
    },
    {
      "confidence": "",
      "file_location": null,
      "identifiers": {},
      "is_excluded": false,
      "is_ignored": false,
      "language": "node",
      "metadata": null,
      "name": "connect>finalhandler(<=1.0.5): has insecure dependency debug",
      "overview": "",
      "recommendation": "fix available via `npm audit fix --force`",
      "references": [],
      "severity": "low",
      "version": "",
      "vulnerability_type": "dependency"
    },
    {
      "confidence": "",
      "file_location": null,
      "identifiers": {},
      "is_excluded": false,
      "is_ignored": false,
      "language": "node",
      "metadata": null,
      "name": "mocha>glob(3.0.0 - 5.0.14): has insecure dependency minimatch",
      "overview": "",
      "recommendation": "fix available via `npm audit fix --force`\nWill install mocha@8.4.0, which is a breaking change",
      "references": [],
      "severity": "high",
      "version": "",
      "vulnerability_type": "dependency"
    },
    {
      "confidence": "",
      "file_location": null,
      "identifiers": {
        "npm": 146
      },
      "is_excluded": false,
      "is_ignored": false,
      "language": "node",
      "metadata": null,
      "name": "mocha>growl(<1.10.2): Command Injection",
      "overview": "",
      "recommendation": "fix available via `npm audit fix --force`\nWill install mocha@8.4.0, which is a breaking change",
      "references": [
        "https://npmjs.com/advisories/146"
      ],
      "severity": "critical",
      "version": "",
      "vulnerability_type": "dependency"
    },
    {
      "confidence": "",
      "file_location": null,
      "identifiers": {},
      "is_excluded": false,
      "is_ignored": false,
      "language": "node",
      "metadata": null,
      "name": "helmet(0.3.0 - 3.20.1): has insecure dependency helmet-csp>connect",
      "overview": "",
      "recommendation": "fix available via `npm audit fix --force`",
      "references": [],
      "severity": "moderate",
      "version": "",
      "vulnerability_type": "dependency"
    },
    {
      "confidence": "",
      "file_location": null,
      "identifiers": {
        "npm": 1176
      },
      "is_excluded": false,
      "is_ignored": false,
      "language": "node",
      "metadata": null,
      "name": "helmet>helmet-csp(>=1.2.2 <2.9.1): Configuration Override",
      "overview": "",
      "recommendation": "fix available via `npm audit fix --force`",
      "references": [
        "https://npmjs.com/advisories/1176"
      ],
      "severity": "moderate",
      "version": "",
      "vulnerability_type": "dependency"
    },
    {
      "confidence": "",
      "file_location": null,
      "identifiers": {
        "npm": 118
      },
      "is_excluded": false,
      "is_ignored": false,
      "language": "node",
      "metadata": null,
      "name": "glob>minimatch(<=3.0.1): Regular Expression Denial of Service",
      "overview": "",
      "recommendation": "fix available via `npm audit fix --force`\nWill install mocha@8.4.0, which is a breaking change",
      "references": [
        "https://npmjs.com/advisories/118"
      ],
      "severity": "high",
      "version": "",
      "vulnerability_type": "dependency"
    },
    {
      "confidence": "",
      "file_location": null,
      "identifiers": {
        "npm": 1179
      },
      "is_excluded": false,
      "is_ignored": false,
      "language": "node",
      "metadata": null,
      "name": "mkdirp>minimist(<0.2.1 || >=1.0.0 <1.2.3): Prototype Pollution",
      "overview": "",
      "recommendation": "fix available via `npm audit fix --force`\nWill install mocha@8.4.0, which is a breaking change",
      "references": [
        "https://npmjs.com/advisories/1179"
      ],
      "severity": "low",
      "version": "",
      "vulnerability_type": "dependency"
    },
    {
      "confidence": "",
      "file_location": null,
      "identifiers": {},
      "is_excluded": false,
      "is_ignored": false,
      "language": "node",
      "metadata": null,
      "name": "mocha>mkdirp(0.4.1 - 0.5.1): has insecure dependency minimist",
      "overview": "",
      "recommendation": "fix available via `npm audit fix --force`\nWill install mocha@8.4.0, which is a breaking change",
      "references": [],
      "severity": "low",
      "version": "",
      "vulnerability_type": "dependency"
    },
    {
      "confidence": "",
      "file_location": null,
      "identifiers": {},
      "is_excluded": false,
      "is_ignored": false,
      "language": "node",
      "metadata": null,
      "name": "mocha(0.6.0 - 6.2.2 || 7.0.0-esm1 - 7.1.0): has insecure dependency mkdirp>growl>glob>diff>debug",
      "overview": "",
      "recommendation": "fix available via `npm audit fix --force`\nWill install mocha@8.4.0, which is a breaking change",
      "references": [],
      "severity": "critical",
      "version": "",
      "vulnerability_type": "dependency"
    }
  ],
  "warnings": []
}