[
  [
    {
      "confidence": "",
      "file_location": {
        "line": 1,
        "path": null
      },
      "identifiers": {},
      "is_excluded": false,
      "is_ignored": false,
      "metadata": null,
      "name": "helmet-example-when-not-npm-installed",
      "overview": "",
      "recommendation": "update helmet-example-when-not-npm-installed (2.3.0) to a newer version, current version is 2 major versions out of date. Latest is 4.6.0",
      "references": [],
      "severity": "medium",
      "version": "2.3.0",
      "vulnerability_type": "dependency"
    },
    {
      "confidence": "",
      "file_location": {
        "line": 1,
        "path": null
      },
      "identifiers": {},
      "is_excluded": false,
      "is_ignored": false,
      "metadata": null,
      "name": "helmet",
      "overview": "",
      "recommendation": "update helmet (2.3.0) to a newer version, current version is 2 major versions out of date. Latest is 4.6.0",
      "references": [],
      "severity": "medium",
      "version": "2.3.0",
      "vulnerability_type": "dependency"
    },
    {
      "confidence": "",
      "file_location": {
        "line": 1,
        "path": null
      },
      "identifiers": {},
      "is_excluded": false,
      "is_ignored": false,
      "metadata": null,
      "name": "mocha",
      "overview": "",
      "recommendation": "update mocha (2.5.3) to a newer version, current version is 6 major versions out of date. Latest is 8.4.0",
      "references": [],
      "severity": "medium",
      "version": "2.5.3",
      "vulnerability_type": "dependency"
    }
  ],
  [
    "helmet-example-when-not-npm-installed: package not locally installed, detecting outdated status from wanted version, fix with `npm install`"
  ]
]