{
  "fatal_errors": [],
  "run_details": {},
  "sboms": null,
  "summary": {},
  "tool": "python-safety",
  "vulnerabilities": [
    {
      "confidence": "",
      "file_location": null,
      "identifiers": {},
      "is_excluded": false,
      "is_ignored": false,
      "metadata": {
        "safety": {
          "id": "25959"
        }
      },
      "name": "dependency-without-cve",
      "overview": "pip 1.4 includes a security patch to pip's ssl support related to certificate DNS wildcard matching.",
      "recommendation": "Update dependency-without-cve (1.3.0) to a non vulnerable version, vulnerable versions: <1.4",
      "references": [],
      "severity": "",
      "version": "1.3.0",
      "vulnerability_type": "dependency"
    },
    {
      "confidence": "",
      "file_location": null,
      "identifiers": {},
      "is_excluded": false,
      "is_ignored": false,
      "metadata": {
        "safety": {
          "id": "37752"
        }
      },
      "name": "dependency-with-cve",
      "overview": "The mirroring support (-M, --use-mirrors) in Python Pip before 1.5 uses insecure DNS querying and authenticity checks which allows attackers to perform man-in-the-middle attacks. See CVE-2013-5123.",
      "recommendation": "Update dependency-with-cve (1.3.0) to a non vulnerable version, vulnerable versions: <1.5",
      "references": [],
      "severity": "",
      "version": "1.3.0",
      "vulnerability_type": "dependency"
    }
  ],
  "warnings": [
    "unable to get cve data for CVE-2013-5123, Error: mocked error on networking"
  ]
}