{
  "bom": null,
  "fatal_errors": [],
  "run_details": {},
  "sboms": null,
  "summary": {},
  "tool": "python-bandit",
  "vulnerabilities": [],
  "warnings": [
    "{\"filename\": \"ezefoo\", \"reason\": \"No such file or directory\"}"
  ]
}