{
  "bom": null,
  "fatal_errors": [],
  "run_details": {},
  "summary": {},
  "tool": "java-dependencycheck",
  "vulnerabilities": [
    {
      "confidence": "",
      "file_location": null,
      "identifiers": {
        "cve": "CVE-2020-9488"
      },
      "is_excluded": false,
      "is_ignored": false,
      "language": "java",
      "metadata": {
        "vulnerability": {
          "id": "CVE-2020-9488"
        }
      },
      "name": "CVE-2020-9488:maven/org.apache.logging.log4j/log4j-core",
      "overview": "Improper validation of certificate with host mismatch in Apache Log4j SMTP appender. This could allow an SMTPS connection to be intercepted by a man-in-the-middle attack which could leak any log messages sent through that appender.",
      "recommendation": "Update maven/org.apache.logging.log4j/log4j-core (2.9.0) to a non vulnerable version, vulnerable versions: ['*', '3.9m0p1', '7.5.0.23.0', '12.0.0.3.0', '4.5', '12.0.0.3.0', '7.0', '7.3.0', '7.4.0', '12.2.1.3.0', '12.2.1.4.0', '13.4.1.1', '*', '8.0.6', '8.1.0', '8.7.0', '8.0.6', '8.0.8', '8.1.0', '8.0.6', '8.0.7', '8.0.6', '*', '5.2.0', '12.0.0', '12.1.0', '3.0.1', '*', '5.6.1.0', '10.2.0.37', '10.2.4.12', '11.0.2.25', '11.1.0.15', '11.2.0.26', '10.2.0.37', '10.2.4.12', '11.0.2.25', '11.1.0.15', '11.2.0.26', 'a9.4', '19.1.0.0.0', '8.56', '8.57', '8.58', '*', '10.4.6', '*', '18.8', '19.12', '14.1', '15.0.3.0', '16.0.3.0', '15.0.3.0', '16.0.3.0', '16.0', '17.0', '18.0', '19.0', '15.0.2', '16.0.3', '17.0.2', '18.0.1', '19.0.1', '19.0', '14.1', '15.0', '16.0', '16.0', '18.0', '19.0', '19.1', '19.2', '19.3', '14.1.3.0', '15.0.3.0', '16.0.3.0', '15.0.4', '16.0.6', '17.0.4', '18.0.3', '19.0.2', '*', '*', '18c', '19c', '12.2.0.1', '2.3.1', '*', '2.2.0.0.0', '4.2.0.2.0', '4.2.0.3.0', '4.4.0.0.0', '4.4.0.2.0', '10.3.6.0.0']",
      "references": [],
      "severity": "low",
      "version": "2.9.0",
      "vulnerability_type": "dependency"
    },
    {
      "confidence": "",
      "file_location": null,
      "identifiers": {
        "cve": "CVE-2021-44228"
      },
      "is_excluded": false,
      "is_ignored": false,
      "language": "java",
      "metadata": {
        "vulnerability": {
          "id": "CVE-2021-44228"
        }
      },
      "name": "CVE-2021-44228:maven/org.apache.logging.log4j/log4j-core",
      "overview": "Apache Log4j2 <=2.14.1 JNDI features used in configuration, log messages, and parameters do not protect against attacker controlled LDAP and other JNDI related endpoints. An attacker who can control log messages or log message parameters can execute arbitrary code loaded from LDAP servers when message lookup substitution is enabled. From log4j 2.15.0, this behavior has been disabled by default. In previous releases (>2.10) this behavior can be mitigated by setting system property \"log4j2.formatMsgNoLookups\" to \u201ctrue\u201d or it can be mitigated in prior releases (<2.10) by removing the JndiLookup class from the classpath (example: zip -q -d log4j-core-*.jar org/apache/logging/log4j/core/lookup/JndiLookup.class).",
      "recommendation": "Update maven/org.apache.logging.log4j/log4j-core (2.9.0) to a non vulnerable version, vulnerable versions: ['*', '2.0', '2.0', '2.0', '2.0']",
      "references": [],
      "severity": "critical",
      "version": "2.9.0",
      "vulnerability_type": "dependency"
    }
  ],
  "warnings": []
}