{
  "fatal_errors": [],
  "run_details": {},
  "sboms": null,
  "summary": {},
  "tool": "trufflehog",
  "vulnerabilities": [
    {
      "confidence": "",
      "file_location": {
        "line": "3",
        "path": "src/super-insecure-lib.py"
      },
      "identifiers": {},
      "is_excluded": false,
      "is_ignored": false,
      "language": "file",
      "metadata": null,
      "name": "Found Hardcoded 'High Entropy' Pattern",
      "overview": "Found Hardcoded 'High Entropy' Pattern in src/super-insecure-lib.py",
      "recommendation": "Investigate 'src/super-insecure-lib.py' Line 3 for 'High Entropy' strings (add '# nosecret' to line if false positive) Full Match: INSECURE_SECRET_RSA_KEY = \"ssh-rsa AAAAB3NzaC1yc2EAAAABJQAAAQEAp0A7aEqG42y0q22yU+dLFMrlVhnk2C94QChUwZv0pKmEvySmzSGSY2gSMfarHjpKcW8OKZ5bcmgkZZ3sRkLJSUwYui/pZxOkUIKZ/sUsFDrW4souGPLfP1ziX/Rj0x+MXj7et/cKO5GwqanXrULssdXapaTz4W+OmMkSpPjtDC2lbfTuOL7lYE1cfbluoPcxvU2kw0ZIGFqOCFar2It33Xsie1C+//qIX3QWjJAvYF0ZF+OR\"",
      "references": [],
      "severity": "medium",
      "version": "",
      "vulnerability_type": "secret"
    },
    {
      "confidence": "",
      "file_location": {
        "line": "5",
        "path": "src/super-insecure-lib.py"
      },
      "identifiers": {},
      "is_excluded": false,
      "is_ignored": false,
      "language": "file",
      "metadata": null,
      "name": "Found Hardcoded 'Password in URL' Pattern",
      "overview": "Found Hardcoded 'Password in URL' Pattern in src/super-insecure-lib.py",
      "recommendation": "Investigate 'src/super-insecure-lib.py' Line 5 for 'Password in URL' strings (add '# nosecret' to line if false positive) Full Match: INSECURE_URL_WITH_HARDCODED_BASIC_AUTH = \"https://admin:god@hackers.com\"",
      "references": [],
      "severity": "low",
      "version": "",
      "vulnerability_type": "secret"
    }
  ],
  "warnings": []
}